I'm sorry, but errors were detected in your script. Please correct the
errors listed below, and try again.


File "game/script.rpy", line 13: invalid syntax
            if self.mx is not None and self.my is not None

Ren'Py Version: Ren'Py 8.3.4.24120703
Wed Dec 18 10:22:47 2024
